   Γû▓ Next.js 15.5.12
   - Environments: .env.local
   - Experiments (use with caution):
     ┬╖ staleTimes
     ┬╖ serverActions

   Creating an optimized production build ...
 Γ£ô Compiled successfully in 11.8s
   Linting and checking validity of types ...
node.exe : 
At line:1 char:1
+ & "C:\Program Files\nodejs/node.exe" "C:\Program 
Files\nodejs/node_mo ...
+ ~~~~~~~~~~~~~~~~~~~~~~~~~~~~~~~~~~~~~~~~~~~~~~~~~~~
~~~~~~~~~~~~~~~~~~
    + CategoryInfo          : NotSpecified: (:String 
   ) [], RemoteException
    + FullyQualifiedErrorId : NativeCommandError
 
Failed to compile.

./src/app/about/page.tsx
44:175  Error: `'` can be escaped with `&apos;`, 
`&lsquo;`, `&#39;`, `&rsquo;`.  
react/no-unescaped-entities
44:226  Error: `'` can be escaped with `&apos;`, 
`&lsquo;`, `&#39;`, `&rsquo;`.  
react/no-unescaped-entities

./src/app/account/orders/page.tsx
237:38  Error: `'` can be escaped with `&apos;`, 
`&lsquo;`, `&#39;`, `&rsquo;`.  
react/no-unescaped-entities

./src/app/admin/page.tsx
288:123  Error: `'` can be escaped with `&apos;`, 
`&lsquo;`, `&#39;`, `&rsquo;`.  
react/no-unescaped-entities

./src/app/cart/page.tsx
46:33  Error: `'` can be escaped with `&apos;`, 
`&lsquo;`, `&#39;`, `&rsquo;`.  
react/no-unescaped-entities
94:21  Warning: Using `<img>` could result in slower 
LCP and higher bandwidth. Consider using `<Image />` 
from `next/image` or a custom image loader to 
automatically optimize images. This may incur 
additional usage or cost from your provider. See: 
https://nextjs.org/docs/messages/no-img-element  
@next/next/no-img-element

./src/app/checkout/page.tsx
96:6  Warning: React Hook useEffect has a missing 
dependency: 'isLoadingProfile'. Either include it or 
remove the dependency array.  
react-hooks/exhaustive-deps
346:23  Warning: Using `<img>` could result in 
slower LCP and higher bandwidth. Consider using 
`<Image />` from `next/image` or a custom image 
loader to automatically optimize images. This may 
incur additional usage or cost from your provider. 
See: https://nextjs.org/docs/messages/no-img-element 
 @next/next/no-img-element

./src/app/checkout/success/page.tsx
194:69  Error: `'` can be escaped with `&apos;`, 
`&lsquo;`, `&#39;`, `&rsquo;`.  
react/no-unescaped-entities

./src/app/debug-db/page.tsx
153:72  Error: `'` can be escaped with `&apos;`, 
`&lsquo;`, `&#39;`, `&rsquo;`.  
react/no-unescaped-entities

./src/app/privacy-policy/page.tsx
42:66  Error: `'` can be escaped with `&apos;`, 
`&lsquo;`, `&#39;`, `&rsquo;`.  
react/no-unescaped-entities
42:74  Error: `'` can be escaped with `&apos;`, 
`&lsquo;`, `&#39;`, `&rsquo;`.  
react/no-unescaped-entities

./src/app/refund-return-policy/page.tsx
36:243  Error: `'` can be escaped with `&apos;`, 
`&lsquo;`, `&#39;`, `&rsquo;`.  
react/no-unescaped-entities

./src/app/reviews/page.tsx
69:70  Error: `"` can be escaped with `&quot;`, 
`&ldquo;`, `&#34;`, `&rdquo;`.  
react/no-unescaped-entities
69:87  Error: `"` can be escaped with `&quot;`, 
`&ldquo;`, `&#34;`, `&rdquo;`.  
react/no-unescaped-entities

./src/app/terms/page.tsx
41:198  Error: `'` can be escaped with `&apos;`, 
`&lsquo;`, `&#39;`, `&rsquo;`.  
react/no-unescaped-entities

./src/app/track/page.tsx
247:42  Error: `'` can be escaped with `&apos;`, 
`&lsquo;`, `&#39;`, `&rsquo;`.  
react/no-unescaped-entities
247:80  Error: `"` can be escaped with `&quot;`, 
`&ldquo;`, `&#34;`, `&rdquo;`.  
react/no-unescaped-entities
247:93  Error: `"` can be escaped with `&quot;`, 
`&ldquo;`, `&#34;`, `&rdquo;`.  
react/no-unescaped-entities

./src/app/wishlist/page.tsx
20:31  Error: `'` can be escaped with `&apos;`, 
`&lsquo;`, `&#39;`, `&rsquo;`.  
react/no-unescaped-entities

./src/components/admin/AdminSidebar.tsx
90:25  Warning: Using `<img>` could result in slower 
LCP and higher bandwidth. Consider using `<Image />` 
from `next/image` or a custom image loader to 
automatically optimize images. This may incur 
additional usage or cost from your provider. See: 
https://nextjs.org/docs/messages/no-img-element  
@next/next/no-img-element

./src/components/auth/AuthPage.tsx
200:25  Warning: Using `<img>` could result in 
slower LCP and higher bandwidth. Consider using 
`<Image />` from `next/image` or a custom image 
loader to automatically optimize images. This may 
incur additional usage or cost from your provider. 
See: https://nextjs.org/docs/messages/no-img-element 
 @next/next/no-img-element
298:36  Error: `'` can be escaped with `&apos;`, 
`&lsquo;`, `&#39;`, `&rsquo;`.  
react/no-unescaped-entities

./src/components/CategoryHighlights.tsx
37:15  Warning: Using `<img>` could result in slower 
LCP and higher bandwidth. Consider using `<Image />` 
from `next/image` or a custom image loader to 
automatically optimize images. This may incur 
additional usage or cost from your provider. See: 
https://nextjs.org/docs/messages/no-img-element  
@next/next/no-img-element

./src/components/Footer.tsx
19:13  Warning: Using `<img>` could result in slower 
LCP and higher bandwidth. Consider using `<Image />` 
from `next/image` or a custom image loader to 
automatically optimize images. This may incur 
additional usage or cost from your provider. See: 
https://nextjs.org/docs/messages/no-img-element  
@next/next/no-img-element

./src/components/Header.tsx
38:3  Error: React Hook "useEffect" is called 
conditionally. React Hooks must be called in the 
exact same order in every component render.  
react-hooks/rules-of-hooks
49:3  Error: React Hook "useEffect" is called 
conditionally. React Hooks must be called in the 
exact same order in every component render.  
react-hooks/rules-of-hooks
61:37  Error: React Hook "useState" is called 
conditionally. React Hooks must be called in the 
exact same order in every component render.  
react-hooks/rules-of-hooks
63:3  Error: React Hook "useEffect" is called 
conditionally. React Hooks must be called in the 
exact same order in every component render.  
react-hooks/rules-of-hooks
70:3  Error: React Hook "useEffect" is called 
conditionally. React Hooks must be called in the 
exact same order in every component render.  
react-hooks/rules-of-hooks
107:13  Warning: Using `<img>` could result in 
slower LCP and higher bandwidth. Consider using 
`<Image />` from `next/image` or a custom image 
loader to automatically optimize images. This may 
incur additional usage or cost from your provider. 
See: https://nextjs.org/docs/messages/no-img-element 
 @next/next/no-img-element
190:33  Warning: Using `<img>` could result in 
slower LCP and higher bandwidth. Consider using 
`<Image />` from `next/image` or a custom image 
loader to automatically optimize images. This may 
incur additional usage or cost from your provider. 
See: https://nextjs.org/docs/messages/no-img-element 
 @next/next/no-img-element

./src/components/HeroSection.tsx
11:7  Warning: Using `<img>` could result in slower 
LCP and higher bandwidth. Consider using `<Image />` 
from `next/image` or a custom image loader to 
automatically optimize images. This may incur 
additional usage or cost from your provider. See: 
https://nextjs.org/docs/messages/no-img-element  
@next/next/no-img-element

./src/components/ProductCard.tsx
50:11  Warning: Using `<img>` could result in slower 
LCP and higher bandwidth. Consider using `<Image />` 
from `next/image` or a custom image loader to 
automatically optimize images. This may incur 
additional usage or cost from your provider. See: 
https://nextjs.org/docs/messages/no-img-element  
@next/next/no-img-element

./src/components/Testimonials.tsx
56:91  Error: `"` can be escaped with `&quot;`, 
`&ldquo;`, `&#34;`, `&rdquo;`.  
react/no-unescaped-entities
56:100  Error: `"` can be escaped with `&quot;`, 
`&ldquo;`, `&#34;`, `&rdquo;`.  
react/no-unescaped-entities

info  - Need to disable some ESLint rules? Learn 
more here: https://nextjs.org/docs/app/api-reference/
config/eslint#disabling-rules
